matching_key_choice: checked
key_equal_reflexive: checked
RowPayloadWords: checked
StoredRow: checked
OptionalStoredRow: checked
OverrideRows: checked
lookup_stored_row: checked
stored_row_part: checked
optional_stored_part: checked
stored_lookup_undo: checked
ExactCacheUndo: checked
ExactCacheEntry: checked
make_exact_cache_entry: checked
restore_exact_cache: checked
entry_total: checked
entry_frame: checked
exact_cache_entry_undo: checked
StoredRowUndo: checked
StoredRowUndos: checked
RowJournalMachine: checked
RowCacheView: checked
RowCacheObservation: checked
rollback_stored_frames: checked
observe_stored_view: checked
rollback_row_observation: checked
rollback_observation_correspondence: checked
StoredRowWrite: checked
step_row_journal: checked
rollback_row_journal: checked
rollback_row_step_exact: checked
StoredRowWrites: checked
execute_row_writes: checked
rollback_row_history_exact: checked
{
  "status": "passed",
  "objects": 96,
  "new_objects": 33,
  "compiler_sha256": "b9b6a63ff645a63b87a5bd2cf07111a3376e837eef27be25c17277e880d3b855"
}
