TAP version 13
# Subtest: chooses JS or Wasm based on complete measured cost, with cached bounded profiling
ok 1 - chooses JS or Wasm based on complete measured cost, with cached bounded profiling
  ---
  duration_ms: 0.694333
  type: 'test'
  ...
# Subtest: GPU setup and transfers can outweigh a faster kernel; availability invalidates profiles
ok 2 - GPU setup and transfers can outweigh a faster kernel; availability invalidates profiles
  ---
  duration_ms: 0.660792
  type: 'test'
  ...
# Subtest: selects GPU when worthwhile, retains baseline on failure and rejects invalid configuration
ok 3 - selects GPU when worthwhile, retains baseline on failure and rejects invalid configuration
  ---
  duration_ms: 0.364833
  type: 'test'
  ...
# Subtest: numerical mismatch removes a profiled scalar GPU candidate; explicit JS remains available
ok 4 - numerical mismatch removes a profiled scalar GPU candidate; explicit JS remains available
  ---
  duration_ms: 0.149791
  type: 'test'
  ...
# Subtest: charges module startup once and rechecks warm costs rather than repeatedly taxing a target
ok 5 - charges module startup once and rechecks warm costs rather than repeatedly taxing a target
  ---
  duration_ms: 0.098083
  type: 'test'
  ...
# Subtest: capture, serialize concurrent calls and recover exact receipts
ok 6 - capture, serialize concurrent calls and recover exact receipts
  ---
  duration_ms: 7.752125
  type: 'test'
  ...
# Subtest: uncertain write before or after durable publication requires recovery
ok 7 - uncertain write before or after durable publication requires recovery
  ---
  duration_ms: 1.834416
  type: 'test'
  ...
# Subtest: receiver failure leaves pending events; acknowledgement is durable
ok 8 - receiver failure leaves pending events; acknowledgement is durable
  ---
  duration_ms: 1.423875
  type: 'test'
  ...
# Subtest: delivery can repeat after receiver success and failed acknowledgement
ok 9 - delivery can repeat after receiver success and failed acknowledgement
  ---
  duration_ms: 0.76425
  type: 'test'
  ...
# Subtest: action exception rolls back; bounded receipt eviction is explicit
ok 10 - action exception rolls back; bounded receipt eviction is explicit
  ---
  duration_ms: 0.764583
  type: 'test'
  ...
# Subtest: storage conflict rejects a second stale writer
ok 11 - storage conflict rejects a second stale writer
  ---
  duration_ms: 0.617583
  type: 'test'
  ...
# Subtest: real file replacement, ownership, recovery and corruption rejection
ok 12 - real file replacement, ownership, recovery and corruption rejection
  ---
  duration_ms: 52.197209
  type: 'test'
  ...
1..12
# tests 12
# suites 0
# pass 12
# fail 0
# cancelled 0
# skipped 0
# todo 0
# duration_ms 102.358208
