matching_key_choice: checked
key_equal_reflexive: checked
StoredRow: checked
OptionalStoredRow: checked
OverrideRows: checked
lookup_stored_row: checked
stored_row_part: checked
optional_stored_part: checked
stored_lookup_undo: checked
ExactCacheUndo: checked
ExactCacheEntry: checked
make_exact_cache_entry: checked
restore_exact_cache: checked
entry_total: checked
entry_frame: checked
exact_cache_entry_undo: checked
StoredRowUndo: checked
StoredRowUndos: checked
RowJournalMachine: checked
RowCacheView: checked
RowCacheObservation: checked
rollback_stored_frames: checked
observe_stored_view: checked
rollback_row_observation: checked
rollback_observation_correspondence: checked
StoredRowWrite: checked
step_row_journal: checked
rollback_row_journal: checked
rollback_row_step_exact: checked
StoredRowWrites: checked
execute_row_writes: checked
rollback_row_history_exact: checked
{
  "status": "passed",
  "objects": 105,
  "new_objects": 32,
  "compiler_sha256": "b1028af4485ef43d7ed3fff9fea2142178f77f2cdf3842942d7071a54533da96"
}
