addition_exchange: checked
subtraction_exchange: checked
OptionalInteger: checked
TableKey128: checked
table_key_equal: checked
ContributionRows: checked
lookup_contribution: checked
write_matching_contribution: checked
write_contribution: checked
sum_contributions: checked
update_contribution_total: checked
update_through_unchanged_row: checked
keyed_update_exact: checked
TableCommand: checked
CachedContributionState: checked
reference_table_step: checked
cached_table_step: checked
initialise_contribution_state: checked
cached_table_step_exact: checked
TableCommands: checked
ContributionTrace: checked
reference_table_trace: checked
cached_table_trace: checked
cached_table_trace_exact: checked
checked maintenance update expressions; wrote certificate c9ea0f9d8d709473842e0f5e3a6989f859704505aea517ba6b6b4b88291c0973 (exact-integer-keyed-table-maintenance-v4)
verified maintenance certificate c9ea0f9d8d709473842e0f5e3a6989f859704505aea517ba6b6b4b88291c0973 (exact-integer-keyed-table-maintenance-v4)
checked maintenance update expressions; wrote certificate 3ae0ef47f0e2b682daf53a48d652b4cc35c3abfde69c6d3eedc8e177d118b873 (exact-integer-keyed-table-maintenance-v4)
verified maintenance certificate 3ae0ef47f0e2b682daf53a48d652b4cc35c3abfde69c6d3eedc8e177d118b873 (exact-integer-keyed-table-maintenance-v4)
Checked 24 new objects; 63 total. Keyed contribution/table model; source projection and full transaction refinement remain separate.
