   Compiling version_check v0.9.5
   Compiling proc-macro2 v1.0.107
   Compiling unicode-ident v1.0.26
   Compiling quote v1.0.47
   Compiling typenum v1.20.1
   Compiling autocfg v1.5.1
   Compiling serde_core v1.0.229
   Compiling libc v0.2.190
   Compiling zmij v1.0.23
   Compiling serde v1.0.229
   Compiling serde_json v1.0.151
   Compiling cfg-if v1.0.5
   Compiling memchr v2.8.3
   Compiling itoa v1.0.18
   Compiling generic-array v0.14.7
   Compiling num-traits v0.2.19
   Compiling cpufeatures v0.2.17
   Compiling syn v3.0.7
   Compiling crypto-common v0.1.7
   Compiling block-buffer v0.10.4
   Compiling digest v0.10.7
   Compiling sha2 v0.10.9
   Compiling num-integer v0.1.47
   Compiling serde_derive v1.0.229
   Compiling num-bigint v0.4.8
   Compiling ink-core v0.1.0 (/tmp/ink-effects-preserved-core)
   Compiling effect-entry-review v0.1.0 (/tmp/ink-effects-preserved-harness)
    Finished `dev` profile [unoptimized + debuginfo] target(s) in 9.27s
