    Finished `test` profile [unoptimized + debuginfo] target(s) in 0.02s
     Running tests/action_optimisation.rs (target/debug/deps/action_optimisation-34740aba2c658926)

running 4 tests
test a_single_checked_database_law_rewrites_a_real_change_region ... ok
test lexical_branch_facts_are_exact_and_do_not_escape_or_follow_shadowed_slots ... ok
wgpu: 13 results matched; 0 GPU calls
test unchanged_query_engine_discovers_action_rules_and_frozen_selection_replays ... ok
c Wasm: 13 values/outcomes and exact snapshots matched
rust Wasm: 13 values/outcomes and exact snapshots matched

test selected_action_regions_preserve_all_compiled_values_aborts_events_and_snapshots ... ok

test result: ok. 4 passed; 0 failed; 0 ignored; 0 measured; 0 filtered out; finished in 9.48s

     Running tests/action_transitions.rs (target/debug/deps/action_transitions-f2758dcb9d74db71)

running 6 tests
test unsupported_effectful_expressions_and_domain_types_fail_closed ... ok
test complete_projected_transitions_match_reference_state_replies_events_and_rollback ... ok
test one_parametric_database_law_composes_across_distinct_table_row_sorts ... ok
test authentic_source_definitions_do_not_make_a_wrong_replacement_proof_valid ... ok
test database_remove_law_admits_a_complete_action_and_rejects_changed_observations ... ok
wgpu: 10 results matched; 0 GPU calls
c Wasm: 10 values/outcomes and exact snapshots matched
rust Wasm: 10 values/outcomes and exact snapshots matched

test checked_whole_actions_execute_through_compiled_backends_and_restore_original_snapshots ... ok

test result: ok. 6 passed; 0 failed; 0 ignored; 0 measured; 0 filtered out; finished in 12.31s

     Running tests/distribution.rs (target/debug/deps/distribution-ff91861655be781f)

running 1 test
test relocated_install_search_and_independent_offline_replay_need_no_original_paths ... ok

test result: ok. 1 passed; 0 failed; 0 ignored; 0 measured; 0 filtered out; finished in 2.83s

     Running tests/selected_checkpoint.rs (target/debug/deps/selected_checkpoint-c9afb174bebda505)

running 3 tests
wgpu: 7 results matched; 1 GPU calls
test build_and_emit_commands_keep_selected_provenance_and_native_host_assembly ... ok
test compiled_native_durable_files_continue_across_checked_selection ... ok
c Wasm: 7 values/outcomes and exact snapshots matched
rust Wasm: 7 values/outcomes and exact snapshots matched

test selected_cpu_wasm_and_mixed_gpu_hosts_use_original_checkpoints ... ok

test result: ok. 3 passed; 0 failed; 0 ignored; 0 measured; 0 filtered out; finished in 8.17s

