sum_append_commutes : checked
addition_interchange : checked
double_integer : checked
map_double_integer : checked
map_double_integer_append : checked
sum_map_double_integer_append : checked
count_integers : checked
count_append : checked
is_positive : checked
filter_is_positive : checked
filter_is_positive_append : checked
count_filter_is_positive_append : checked
KeyedRows : checked
append_rows : checked
join_matches : checked
join_matches_append : checked
join_sum : checked
join_left_append : checked
join_right_append : checked
join_delta : checked
Checked 55 objects (20 new) with the unchanged generic kernel.
