    Finished `test` profile [unoptimized + debuginfo] target(s) in 0.03s
     Running tests/action_transitions.rs (target/debug/deps/action_transitions-a7781cc050efbf34)

running 7 tests
test unsupported_effectful_expressions_and_domain_types_fail_closed ... ok
test complete_projected_transitions_match_reference_state_replies_events_and_rollback ... ok
test one_parametric_database_law_composes_across_distinct_table_row_sorts ... ok
test authentic_source_definitions_do_not_make_a_wrong_replacement_proof_valid ... ok
test database_remove_law_admits_a_complete_action_and_rejects_changed_observations ... ok
test frozen_whole_action_replay_and_inspection_need_no_producer_or_live_database ... ok
wgpu: 10 results matched; 0 GPU calls
c Wasm: 10 values/outcomes and exact snapshots matched
rust Wasm: 10 values/outcomes and exact snapshots matched

test checked_whole_actions_execute_through_compiled_backends_and_restore_original_snapshots ... ok

test result: ok. 7 passed; 0 failed; 0 ignored; 0 measured; 0 filtered out; finished in 6.11s

     Running tests/distribution.rs (target/debug/deps/distribution-89880cd322745b90)

running 1 test
test relocated_install_search_and_independent_offline_replay_need_no_original_paths ... ok

test result: ok. 1 passed; 0 failed; 0 ignored; 0 measured; 0 filtered out; finished in 2.85s

     Running tests/selected_checkpoint.rs (target/debug/deps/selected_checkpoint-ef3ab8d6a05e1de8)

running 3 tests
wgpu: 7 results matched; 1 GPU calls
test build_and_emit_commands_keep_selected_provenance_and_native_host_assembly ... ok
c Wasm: 7 values/outcomes and exact snapshots matched
rust Wasm: 7 values/outcomes and exact snapshots matched

test selected_cpu_wasm_and_mixed_gpu_hosts_use_original_checkpoints ... ok
test compiled_native_durable_files_continue_across_checked_selection ... ok

test result: ok. 3 passed; 0 failed; 0 ignored; 0 measured; 0 filtered out; finished in 7.33s

