   Compiling ink-core v0.1.0 (/var/folders/jh/p03z0_b15js0x_4c67zgnf140000gn/T/ink-core-transitions-6_vjb_8t)
    Finished `test` profile [unoptimized + debuginfo] target(s) in 9.34s
     Running unittests src/lib.rs (core/target/debug/deps/ink_core-58ca8cc79a270267)

running 36 tests
test action_types::tests::contextual_types_solve_before_defaults_and_shared_holes_agree ... ok
test action_types::tests::recursive_types_and_resource_exhaustion_fail_closed ... ok
test action_semantic::tests::copying_branch_facts_consumes_work_per_copied_node ... ok
test bitproof::tests::learned_clauses_are_checked_and_corrupt_hints_fail_closed ... ok
test bitproof::tests::gates_conditionals_and_all_boolean_inputs_agree ... ok
test bitproof::tests::auditing_only_records_accepted_proofs_and_restores_after_panics ... ok
test bitproof::tests::type_operator_and_depth_errors_are_not_encoded_as_assumptions ... ok
test action_values::tests::all_value_work_and_ignored_term_fields_are_bounded ... ok
test laws::tests::beta_reduction_preserves_free_variables_beneath_binders ... ok
test effects::tests::exhausted_effect_work_budget_cannot_create_a_partial_judgment ... ok
test action_semantic::tests::unsupported_total_value_projection_keeps_the_source_available ... ok
test action_values::tests::canonical_membership_rejects_width_nominal_padding_and_tree_corruption ... ok
test laws::tests::floats_do_not_enter_the_word_polynomial_checker ... ok
test laws::tests::false_equalities_and_unknown_primitives_reject ... ok
test logic::alpha_tests::free_internal_names_and_nested_shadowing_survive_canonicalisation ... ok
test registry::tests::canonical_identity_matches_shared_json_contract ... ok
test action_semantic::tests::exhausted_projection_never_returns_partial_authority ... ok
test laws::tests::wrapping_arithmetic_is_checked_for_each_word_width ... ok
test registry::tests::mathematical_domains_share_entry_and_evidence_admission ... ok
test registry::tests::rehashing_false_proofs_or_false_interfaces_does_not_grant_authority ... ok
test registry::tests::exact_closure_and_unknown_domains_are_rejected ... ok
test registry::tests::immutable_membership_and_snapshot_pins_are_checked ... ok
test action_values::tests::flat_images_reject_aliasing_forward_unused_and_noncanonical_order ... ok
test source_values::tests::preflight_bounds_untrusted_branching_and_rejects_expressions ... ok
test stateful::actions::tests::table_resources_are_rejected_as_values_by_the_independent_core ... ok
test transaction::tests::domain_errors_precede_exhaustion_and_success_never_wraps ... ok
test transaction::tests::nested_result_and_ordered_publication_move_payloads ... ok
test stateful::actions::tests::isolated_core_executes_resolved_callback_scopes_without_knowledge_or_lowerings ... ok
test bitproof::tests::resource_budgets_are_shared_and_literals_are_bounded ... ok
test source_syntax::tests::full_module_and_typed_actions_roundtrip_through_unchanged_kernel ... ok
test action_values::tests::full_width_values_have_compact_canonical_kernel_inhabitants ... ok
test source_syntax::tests::bounded_invalid_values_fail_without_relaxing_kernel_limits ... ok
test source_syntax::tests::lossless_unicode_words_order_and_balancing_boundaries ... ok
test bitproof::tests::accepted_short_refutations_have_no_two_variable_model ... ok
test action_values::tests::nominal_order_recursive_records_results_and_wide_lists_preserve_values ... ok
test bitproof::tests::full_width_wrapping_arithmetic_and_unsigned_order_agree_with_rust ... ok

test result: ok. 36 passed; 0 failed; 0 ignored; 0 measured; 0 filtered out; finished in 0.61s

     Running tests/action_transitions.rs (core/target/debug/deps/action_transitions-44ba490fe3daf524)

running 4 tests
test fixed_whole_action_model_checks_and_runs_without_catalogue_or_backend ... ok
test source_transition_roots_cannot_ignore_ordered_event_changes ... ok
test source_parameter_names_cannot_capture_transaction_model_binders ... ok
test unsupported_domains_and_long_continuations_are_rejected_with_bounded_work ... ok

test result: ok. 4 passed; 0 failed; 0 ignored; 0 measured; 0 filtered out; finished in 0.04s

   Doc-tests ink_core

running 0 tests

test result: ok. 0 passed; 0 failed; 0 ignored; 0 measured; 0 filtered out; finished in 0.00s

