    Finished `test` profile [unoptimized + debuginfo] target(s) in 0.01s
     Running tests/durability.rs (target/debug/deps/durability-463627937085af1a)

running 1 test
javascript: compiled recovery, lost-reply deduplication, abort and durable outbox passed
c: compiled recovery, lost-reply deduplication, abort and durable outbox passed
rust: compiled recovery, lost-reply deduplication, abort and durable outbox passed
test compiled_durable_state_recovers_before_reply_and_keeps_outbox ... ok

test result: ok. 1 passed; 0 failed; 0 ignored; 0 measured; 0 filtered out; finished in 7.71s

     Running tests/generated_parity.rs (target/debug/deps/generated_parity-9423a3e7e8ddaff2)

running 1 test
wgpu: 432 results matched; 80 GPU calls
c Wasm: 432 values/outcomes and exact snapshots matched
rust Wasm: 432 values/outcomes and exact snapshots matched

test reproducible_generated_programs_and_action_histories_agree ... ok

test result: ok. 1 passed; 0 failed; 0 ignored; 0 measured; 0 filtered out; finished in 23.45s

     Running tests/lowering_parity.rs (target/debug/deps/lowering_parity-0c49f8da75c43b90)

running 3 tests
test resident_collection_lengths_survive_feedback ... ok
c Wasm: 10 values/outcomes and exact snapshots matched
rust Wasm: 10 values/outcomes and exact snapshots matched

test query_and_result_keep_boundaries_agree_across_lowerings ... ok
wgpu: 68 results matched; 21 GPU calls
c Wasm: 68 values/outcomes and exact snapshots matched
rust Wasm: 68 values/outcomes and exact snapshots matched

test all_cpu_lowerings_preserve_values_transactions_and_portable_snapshots ... ok

test result: ok. 3 passed; 0 failed; 0 ignored; 0 measured; 0 filtered out; finished in 14.82s

     Running tests/modules.rs (target/debug/deps/modules-067d800d06d1c106)

running 3 tests
test imports_reject_cycles_unknown_exports_namespaces_and_module_collisions ... ok
test linking_preserves_fields_and_shadowed_local_values ... ok
wgpu: 6 results matched; 1 GPU calls
c Wasm: 6 values/outcomes and exact snapshots matched
rust Wasm: 6 values/outcomes and exact snapshots matched

test imports_types_state_events_and_standard_helpers_lower_identically ... ok

test result: ok. 3 passed; 0 failed; 0 ignored; 0 measured; 0 filtered out; finished in 15.44s

