
> ink-spec-site@0.1.0 build:pages
> npm run generate && npm run check && vite build --base=/ink-spec-site/ --outDir dist-pages


> ink-spec-site@0.1.0 generate
> node scripts/generate.mjs

Generated 25 chapters and 20 highlighted code panels.

> ink-spec-site@0.1.0 check
> tsc --noEmit && fr src/layout.ts

No lint findings.

0 findings (0 errors, 0 warnings).
coverage: 4/4 named top-level functions fully analyzed; 0 partially supported; 0 unsupported.
Run `fr --audit [file]` for every function's contracts and refactoring suggestions.
vite v8.3.4 building client environment for production...
transforming...
✓ 14 modules transformed.
rendering chunks...
computing gzip size...
dist-pages/assets/ibm-plex-mono-latin-400-normal-CvHOgSBP.woff   13.14 kB
dist-pages/assets/ibm-plex-mono-latin-400-normal-DMJ8VG8y.woff2  14.70 kB
dist-pages/index.html                                            67.22 kB │ gzip: 15.72 kB
dist-pages/assets/index-CBRqLHZT.css                              4.16 kB │ gzip:  1.57 kB
dist-pages/assets/index-DFLGdnIb.js                              45.54 kB │ gzip: 16.41 kB

✓ built in 79ms
